{"tool":"pest","result":"passed","tests":22,"passed":22,"assertions":59,"duration_ms":12101}
